http://www.participa2014.cat/onpucparticipar/data/vies/08015.dat
http://www.participa2014.cat/onpucparticipar/data/vies/08019.dat
http://www.participa2014.cat/onpucparticipar/data/vies/08022.dat
http://www.participa2014.cat/onpucparticipar/data/vies/08040.dat
http://www.participa2014.cat/onpucparticipar/data/vies/08041.dat
http://www.participa2014.cat/onpucparticipar/data/vies/08046.dat
http://www.participa2014.cat/onpucparticipar/data/vies/08051.dat
http://www.participa2014.cat/onpucparticipar/data/vies/08056.dat
http://www.participa2014.cat/onpucparticipar/data/vies/08072.dat
http://www.participa2014.cat/onpucparticipar/data/vies/08073.dat
http://www.participa2014.cat/onpucparticipar/data/vies/08074.dat
http://www.participa2014.cat/onpucparticipar/data/vies/08076.dat
http://www.participa2014.cat/onpucparticipar/data/vies/08077.dat
http://www.participa2014.cat/onpucparticipar/data/vies/08086.dat
http://www.participa2014.cat/onpucparticipar/data/vies/08088.dat
http://www.participa2014.cat/onpucparticipar/data/vies/08089.dat
http://www.participa2014.cat/onpucparticipar/data/vies/08096.dat
http://www.participa2014.cat/onpucparticipar/data/vies/08101.dat
http://www.participa2014.cat/onpucparticipar/data/vies/08102.dat
http://www.participa2014.cat/onpucparticipar/data/vies/08107.dat
http://www.participa2014.cat/onpucparticipar/data/vies/08112.dat
http://www.participa2014.cat/onpucparticipar/data/vies/08113.dat
http://www.participa2014.cat/onpucparticipar/data/vies/08114.dat
http://www.participa2014.cat/onpucparticipar/data/vies/08118.dat
http://www.participa2014.cat/onpucparticipar/data/vies/08121.dat
http://www.participa2014.cat/onpucparticipar/data/vies/08123.dat
http://www.participa2014.cat/onpucparticipar/data/vies/08124.dat
http://www.participa2014.cat/onpucparticipar/data/vies/08125.dat
http://www.participa2014.cat/onpucparticipar/data/vies/08136.dat
http://www.participa2014.cat/onpucparticipar/data/vies/08147.dat
http://www.participa2014.cat/onpucparticipar/data/vies/08159.dat
http://www.participa2014.cat/onpucparticipar/data/vies/08161.dat
http://www.participa2014.cat/onpucparticipar/data/vies/08163.dat
http://www.participa2014.cat/onpucparticipar/data/vies/08169.dat
http://www.participa2014.cat/onpucparticipar/data/vies/08180.dat
http://www.participa2014.cat/onpucparticipar/data/vies/08184.dat
http://www.participa2014.cat/onpucparticipar/data/vies/08187.dat
http://www.participa2014.cat/onpucparticipar/data/vies/08194.dat
http://www.participa2014.cat/onpucparticipar/data/vies/08196.dat
http://www.participa2014.cat/onpucparticipar/data/vies/08200.dat
http://www.participa2014.cat/onpucparticipar/data/vies/08205.dat
http://www.participa2014.cat/onpucparticipar/data/vies/08211.dat
http://www.participa2014.cat/onpucparticipar/data/vies/08217.dat
http://www.participa2014.cat/onpucparticipar/data/vies/08218.dat
http://www.participa2014.cat/onpucparticipar/data/vies/08219.dat
http://www.participa2014.cat/onpucparticipar/data/vies/08227.dat
http://www.participa2014.cat/onpucparticipar/data/vies/08231.dat
http://www.participa2014.cat/onpucparticipar/data/vies/08245.dat
http://www.participa2014.cat/onpucparticipar/data/vies/08252.dat
http://www.participa2014.cat/onpucparticipar/data/vies/08260.dat
http://www.participa2014.cat/onpucparticipar/data/vies/08263.dat
http://www.participa2014.cat/onpucparticipar/data/vies/08266.dat
http://www.participa2014.cat/onpucparticipar/data/vies/08270.dat
http://www.participa2014.cat/onpucparticipar/data/vies/08279.dat
http://www.participa2014.cat/onpucparticipar/data/vies/08298.dat
http://www.participa2014.cat/onpucparticipar/data/vies/08301.dat
http://www.participa2014.cat/onpucparticipar/data/vies/08305.dat
http://www.participa2014.cat/onpucparticipar/data/vies/08307.dat
http://www.participa2014.cat/onpucparticipar/data/vies/08904.dat
http://www.participa2014.cat/onpucparticipar/data/vies/17015.dat
http://www.participa2014.cat/onpucparticipar/data/vies/17023.dat
http://www.participa2014.cat/onpucparticipar/data/vies/17047.dat
http://www.participa2014.cat/onpucparticipar/data/vies/17066.dat
http://www.participa2014.cat/onpucparticipar/data/vies/17079.dat
http://www.participa2014.cat/onpucparticipar/data/vies/17095.dat
http://www.participa2014.cat/onpucparticipar/data/vies/17114.dat
http://www.participa2014.cat/onpucparticipar/data/vies/17117.dat
http://www.participa2014.cat/onpucparticipar/data/vies/17152.dat
http://www.participa2014.cat/onpucparticipar/data/vies/17155.dat
http://www.participa2014.cat/onpucparticipar/data/vies/17160.dat
http://www.participa2014.cat/onpucparticipar/data/vies/25040.dat
http://www.participa2014.cat/onpucparticipar/data/vies/25072.dat
http://www.participa2014.cat/onpucparticipar/data/vies/25120.dat
http://www.participa2014.cat/onpucparticipar/data/vies/25137.dat
http://www.participa2014.cat/onpucparticipar/data/vies/25217.dat
http://www.participa2014.cat/onpucparticipar/data/vies/43014.dat
http://www.participa2014.cat/onpucparticipar/data/vies/43037.dat
http://www.participa2014.cat/onpucparticipar/data/vies/43038.dat
http://www.participa2014.cat/onpucparticipar/data/vies/43123.dat
http://www.participa2014.cat/onpucparticipar/data/vies/43148.dat
http://www.participa2014.cat/onpucparticipar/data/vies/43153.dat
http://www.participa2014.cat/onpucparticipar/data/vies/43155.dat
http://www.participa2014.cat/onpucparticipar/data/vies/43161.dat
http://www.participa2014.cat/onpucparticipar/data/vies/43163.dat
http://www.participa2014.cat/onpucparticipar/data/vies/43171.dat
http://www.participa2014.cat/onpucparticipar/data/vies/43905.dat
